------------------------------------------------------------
TimeQuest Timing Analyzer Summary
------------------------------------------------------------

Type  : Slow Model Setup 'lpm_counter0:inst3|lpm_counter:LPM_COUNTER_component|cntr_okh:auto_generated|safe_q[1]'
Slack : -3.097
TNS   : -4.005

Type  : Slow Model Setup 'clk'
Slack : -1.099
TNS   : -3.488

Type  : Slow Model Hold 'clk'
Slack : -1.552
TNS   : -3.610

Type  : Slow Model Hold 'lpm_counter0:inst3|lpm_counter:LPM_COUNTER_component|cntr_okh:auto_generated|safe_q[1]'
Slack : -1.091
TNS   : -1.091

Type  : Slow Model Minimum Pulse Width 'clk'
Slack : -1.941
TNS   : -7.877

Type  : Slow Model Minimum Pulse Width 'lpm_counter0:inst3|lpm_counter:LPM_COUNTER_component|cntr_okh:auto_generated|safe_q[1]'
Slack : -0.742
TNS   : -1.484

Type  : Fast Model Setup 'lpm_counter0:inst3|lpm_counter:LPM_COUNTER_component|cntr_okh:auto_generated|safe_q[1]'
Slack : -0.934
TNS   : -0.934

Type  : Fast Model Setup 'clk'
Slack : 0.310
TNS   : 0.000

Type  : Fast Model Hold 'clk'
Slack : -1.146
TNS   : -3.123

Type  : Fast Model Hold 'lpm_counter0:inst3|lpm_counter:LPM_COUNTER_component|cntr_okh:auto_generated|safe_q[1]'
Slack : -0.823
TNS   : -0.823

Type  : Fast Model Minimum Pulse Width 'clk'
Slack : -1.380
TNS   : -5.380

Type  : Fast Model Minimum Pulse Width 'lpm_counter0:inst3|lpm_counter:LPM_COUNTER_component|cntr_okh:auto_generated|safe_q[1]'
Slack : -0.500
TNS   : -1.000

------------------------------------------------------------
