------------------------------------------------------------
TimeQuest Timing Analyzer Summary
------------------------------------------------------------

Type  : Slow 1200mV 85C Model Setup 'lpm_counter0:inst3|lpm_counter:LPM_COUNTER_component|cntr_1oh:auto_generated|counter_reg_bit[1]'
Slack : -1.908
TNS   : -2.655

Type  : Slow 1200mV 85C Model Setup 'clk'
Slack : -0.601
TNS   : -1.706

Type  : Slow 1200mV 85C Model Hold 'clk'
Slack : -0.638
TNS   : -1.256

Type  : Slow 1200mV 85C Model Hold 'lpm_counter0:inst3|lpm_counter:LPM_COUNTER_component|cntr_1oh:auto_generated|counter_reg_bit[1]'
Slack : -0.224
TNS   : -0.224

Type  : Slow 1200mV 85C Model Minimum Pulse Width 'clk'
Slack : -3.000
TNS   : -7.000

Type  : Slow 1200mV 85C Model Minimum Pulse Width 'lpm_counter0:inst3|lpm_counter:LPM_COUNTER_component|cntr_1oh:auto_generated|counter_reg_bit[1]'
Slack : -1.000
TNS   : -1.000

Type  : Slow 1200mV 0C Model Setup 'lpm_counter0:inst3|lpm_counter:LPM_COUNTER_component|cntr_1oh:auto_generated|counter_reg_bit[1]'
Slack : -1.744
TNS   : -2.379

Type  : Slow 1200mV 0C Model Setup 'clk'
Slack : -0.423
TNS   : -1.105

Type  : Slow 1200mV 0C Model Hold 'clk'
Slack : -0.594
TNS   : -1.203

Type  : Slow 1200mV 0C Model Hold 'lpm_counter0:inst3|lpm_counter:LPM_COUNTER_component|cntr_1oh:auto_generated|counter_reg_bit[1]'
Slack : -0.155
TNS   : -0.155

Type  : Slow 1200mV 0C Model Minimum Pulse Width 'clk'
Slack : -3.000
TNS   : -7.000

Type  : Slow 1200mV 0C Model Minimum Pulse Width 'lpm_counter0:inst3|lpm_counter:LPM_COUNTER_component|cntr_1oh:auto_generated|counter_reg_bit[1]'
Slack : -1.000
TNS   : -1.000

Type  : Fast 1200mV 0C Model Setup 'lpm_counter0:inst3|lpm_counter:LPM_COUNTER_component|cntr_1oh:auto_generated|counter_reg_bit[1]'
Slack : -0.774
TNS   : -0.774

Type  : Fast 1200mV 0C Model Setup 'clk'
Slack : 0.116
TNS   : 0.000

Type  : Fast 1200mV 0C Model Hold 'clk'
Slack : -0.352
TNS   : -0.695

Type  : Fast 1200mV 0C Model Hold 'lpm_counter0:inst3|lpm_counter:LPM_COUNTER_component|cntr_1oh:auto_generated|counter_reg_bit[1]'
Slack : -0.187
TNS   : -0.187

Type  : Fast 1200mV 0C Model Minimum Pulse Width 'clk'
Slack : -3.000
TNS   : -8.297

Type  : Fast 1200mV 0C Model Minimum Pulse Width 'lpm_counter0:inst3|lpm_counter:LPM_COUNTER_component|cntr_1oh:auto_generated|counter_reg_bit[1]'
Slack : -1.000
TNS   : -1.000

------------------------------------------------------------
